// Jest Snapshot v1, https://goo.gl/fbAQLP

exports[`Pruebas en AddCategoria Debe de mostarse correctamente 1`] = `
<form
  onSubmit={[Function]}
>
  <p />
  <h2>
    Buscar gifs
  </h2>
  <input
    onChange={[Function]}
    type="text"
    value=""
  />
</form>
`;
